// Jest Snapshot v1, https://goo.gl/fbAQLP

exports[`Test HomePage component <HomePage> 1`] = `ShallowWrapper {}`;
