// Jest Snapshot v1, https://goo.gl/fbAQLP

exports[`Test TodoList component <TodoList> with list item array 1`] = `ShallowWrapper {}`;
