// Jest Snapshot v1, https://goo.gl/fbAQLP

exports[`Test Loader component <Loader> 1`] = `
<div
  className="loader"
>
  <div
    className="spinner"
  />
</div>
`;
