// Jest Snapshot v1, https://goo.gl/fbAQLP

exports[`Test Footer component <Footer> 1`] = `ShallowWrapper {}`;
