// Jest Snapshot v1, https://goo.gl/fbAQLP

exports[`Test ErrorBoundary WITH errors <ErrorBoundary> test snapshot 1`] = `
<p
  className="alert alert-danger"
/>
`;

exports[`Test ErrorBoundary WITHOUT errors <ErrorBoundary> test snapshot 1`] = `
<h1>
  test
</h1>
`;
